#
# There is insufficient memory for the Java Runtime Environment to continue.
# Native memory allocation (malloc) failed to allocate 102416 bytes for Chunk::new
# Possible reasons:
#   The system is out of physical RAM or swap space
#   The process is running with CompressedOops enabled, and the Java Heap may be blocking the growth of the native heap
# Possible solutions:
#   Reduce memory load on the system
#   Increase physical memory or swap space
#   Check if swap backing store is full
#   Decrease Java heap size (-Xmx/-Xms)
#   Decrease number of Java threads
#   Decrease Java thread stack sizes (-Xss)
#   Set larger code cache with -XX:ReservedCodeCacheSize=
#   JVM is running with Unscaled Compressed Oops mode in which the Java heap is
#     placed in the first 4GB address space. The Java Heap base address is the
#     maximum limit for the native heap growth. Please use -XX:HeapBaseMinAddress
#     to set the Java Heap base and to place the Java Heap above 4GB virtual address.
# This output file may be truncated or incomplete.
#
#  Out of Memory Error (allocation.cpp:389), pid=1768, tid=0x00000000000056b8
#
# JRE version: Java(TM) SE Runtime Environment (8.0_311-b11) (build 1.8.0_311-b11)
# Java VM: Java HotSpot(TM) 64-Bit Server VM (25.311-b11 mixed mode windows-amd64 compressed oops)
# Failed to write core dump. Minidumps are not enabled by default on client versions of Windows
#

---------------  T H R E A D  ---------------

Current thread (0x0000023b10a31000):  JavaThread "main" [_thread_in_vm, id=22200, stack(0x000000f8e5800000,0x000000f8e5900000)]

Stack: [0x000000f8e5800000,0x000000f8e5900000]
Native frames: (J=compiled Java code, j=interpreted, Vv=VM code, C=native code)
V  [jvm.dll+0x32f239]

Java frames: (J=compiled Java code, j=interpreted, Vv=VM code)
J 935  java.lang.ClassLoader.defineClass1(Ljava/lang/String;[BIILjava/security/ProtectionDomain;Ljava/lang/String;)Ljava/lang/Class; (0 bytes) @ 0x0000023b10da70df [0x0000023b10da7040+0x9f]
J 802 C1 java.lang.ClassLoader.defineClass(Ljava/lang/String;[BIILjava/security/ProtectionDomain;)Ljava/lang/Class; (43 bytes) @ 0x0000023b10d6adbc [0x0000023b10d6aca0+0x11c]
J 806 C1 java.net.URLClassLoader.defineClass(Ljava/lang/String;Lsun/misc/Resource;)Ljava/lang/Class; (142 bytes) @ 0x0000023b10d6e704 [0x0000023b10d6dce0+0xa24]
J 747 C1 java.net.URLClassLoader$1.run()Ljava/lang/Class; (81 bytes) @ 0x0000023b10d5222c [0x0000023b10d52160+0xcc]
J 746 C1 java.net.URLClassLoader$1.run()Ljava/lang/Object; (5 bytes) @ 0x0000023b10d51ddc [0x0000023b10d51da0+0x3c]
v  ~StubRoutines::call_stub
J 600  java.security.AccessController.doPrivileged(Ljava/security/PrivilegedExceptionAction;Ljava/security/AccessControlContext;)Ljava/lang/Object; (0 bytes) @ 0x0000023b10d02fa6 [0x0000023b10d02f40+0x66]
J 673 C1 java.net.URLClassLoader.findClass(Ljava/lang/String;)Ljava/lang/Class; (47 bytes) @ 0x0000023b10d2b01c [0x0000023b10d2af60+0xbc]
j  java.lang.ClassLoader.loadClass(Ljava/lang/String;Z)Ljava/lang/Class;+70
J 660 C1 sun.misc.Launcher$AppClassLoader.loadClass(Ljava/lang/String;Z)Ljava/lang/Class; (85 bytes) @ 0x0000023b10d26234 [0x0000023b10d25f40+0x2f4]
J 654 C1 java.lang.ClassLoader.loadClass(Ljava/lang/String;)Ljava/lang/Class; (7 bytes) @ 0x0000023b10d23b7c [0x0000023b10d23b20+0x5c]
v  ~StubRoutines::call_stub
J 935  java.lang.ClassLoader.defineClass1(Ljava/lang/String;[BIILjava/security/ProtectionDomain;Ljava/lang/String;)Ljava/lang/Class; (0 bytes) @ 0x0000023b10da70df [0x0000023b10da7040+0x9f]
J 802 C1 java.lang.ClassLoader.defineClass(Ljava/lang/String;[BIILjava/security/ProtectionDomain;)Ljava/lang/Class; (43 bytes) @ 0x0000023b10d6adbc [0x0000023b10d6aca0+0x11c]
J 806 C1 java.net.URLClassLoader.defineClass(Ljava/lang/String;Lsun/misc/Resource;)Ljava/lang/Class; (142 bytes) @ 0x0000023b10d6e704 [0x0000023b10d6dce0+0xa24]
J 747 C1 java.net.URLClassLoader$1.run()Ljava/lang/Class; (81 bytes) @ 0x0000023b10d5222c [0x0000023b10d52160+0xcc]
J 746 C1 java.net.URLClassLoader$1.run()Ljava/lang/Object; (5 bytes) @ 0x0000023b10d51ddc [0x0000023b10d51da0+0x3c]
v  ~StubRoutines::call_stub
J 600  java.security.AccessController.doPrivileged(Ljava/security/PrivilegedExceptionAction;Ljava/security/AccessControlContext;)Ljava/lang/Object; (0 bytes) @ 0x0000023b10d02fa6 [0x0000023b10d02f40+0x66]
J 673 C1 java.net.URLClassLoader.findClass(Ljava/lang/String;)Ljava/lang/Class; (47 bytes) @ 0x0000023b10d2b01c [0x0000023b10d2af60+0xbc]
j  java.lang.ClassLoader.loadClass(Ljava/lang/String;Z)Ljava/lang/Class;+70
J 660 C1 sun.misc.Launcher$AppClassLoader.loadClass(Ljava/lang/String;Z)Ljava/lang/Class; (85 bytes) @ 0x0000023b10d26234 [0x0000023b10d25f40+0x2f4]
J 654 C1 java.lang.ClassLoader.loadClass(Ljava/lang/String;)Ljava/lang/Class; (7 bytes) @ 0x0000023b10d23b7c [0x0000023b10d23b20+0x5c]
v  ~StubRoutines::call_stub
J 2316  java.lang.Class.getDeclaredMethods0(Z)[Ljava/lang/reflect/Method; (0 bytes) @ 0x0000023b1102fb3b [0x0000023b1102fb00+0x3b]
J 888 C1 java.lang.Class.privateGetDeclaredMethods(Z)[Ljava/lang/reflect/Method; (67 bytes) @ 0x0000023b10d96744 [0x0000023b10d96640+0x104]
J 2678 C1 org.springframework.util.ReflectionUtils.getDeclaredMethods(Ljava/lang/Class;Z)[Ljava/lang/reflect/Method; (209 bytes) @ 0x0000023b11101bac [0x0000023b11101ae0+0xcc]
j  org.springframework.util.ReflectionUtils.doWithLocalMethods(Ljava/lang/Class;Lorg/springframework/util/ReflectionUtils$MethodCallback;)V+2
j  org.springframework.beans.factory.annotation.InitDestroyAnnotationBeanPostProcessor.buildLifecycleMetadata(Ljava/lang/Class;)Lorg/springframework/beans/factory/annotation/InitDestroyAnnotationBeanPostProcessor$LifecycleMetadata;+83
j  org.springframework.beans.factory.annotation.InitDestroyAnnotationBeanPostProcessor.findLifecycleMetadata(Ljava/lang/Class;)Lorg/springframework/beans/factory/annotation/InitDestroyAnnotationBeanPostProcessor$LifecycleMetadata;+58
j  org.springframework.beans.factory.annotation.InitDestroyAnnotationBeanPostProcessor.postProcessMergedBeanDefinition(Lorg/springframework/beans/factory/support/RootBeanDefinition;Ljava/lang/Class;Ljava/lang/String;)V+2
j  org.springframework.context.annotation.CommonAnnotationBeanPostProcessor.postProcessMergedBeanDefinition(Lorg/springframework/beans/factory/support/RootBeanDefinition;Ljava/lang/Class;Ljava/lang/String;)V+4
j  org.springframework.beans.factory.support.AbstractAutowireCapableBeanFactory.applyMergedBeanDefinitionPostProcessors(Lorg/springframework/beans/factory/support/RootBeanDefinition;Ljava/lang/Class;Ljava/lang/String;)V+41
j  org.springframework.beans.factory.support.AbstractAutowireCapableBeanFactory.doCreateBean(Ljava/lang/String;Lorg/springframework/beans/factory/support/RootBeanDefinition;[Ljava/lang/Object;)Ljava/lang/Object;+90
j  org.springframework.beans.factory.support.AbstractAutowireCapableBeanFactory.createBean(Ljava/lang/String;Lorg/springframework/beans/factory/support/RootBeanDefinition;[Ljava/lang/Object;)Ljava/lang/Object;+169
j  org.springframework.beans.factory.support.AbstractBeanFactory.lambda$doGetBean$0(Ljava/lang/String;Lorg/springframework/beans/factory/support/RootBeanDefinition;[Ljava/lang/Object;)Ljava/lang/Object;+4
j  org.springframework.beans.factory.support.AbstractBeanFactory$$Lambda$193.getObject()Ljava/lang/Object;+16
j  org.springframework.beans.factory.support.DefaultSingletonBeanRegistry.getSingleton(Ljava/lang/String;Lorg/springframework/beans/factory/ObjectFactory;)Ljava/lang/Object;+132
J 2482 C1 org.springframework.beans.factory.support.AbstractBeanFactory.doGetBean(Ljava/lang/String;Ljava/lang/Class;[Ljava/lang/Object;Z)Ljava/lang/Object; (832 bytes) @ 0x0000023b1107c37c [0x0000023b1107bda0+0x5dc]
J 2240 C1 org.springframework.beans.factory.support.AbstractBeanFactory.getBean(Ljava/lang/String;Ljava/lang/Class;)Ljava/lang/Object; (9 bytes) @ 0x0000023b11010704 [0x0000023b110106a0+0x64]
j  org.springframework.boot.web.servlet.context.ServletWebServerApplicationContext.getWebServerFactory()Lorg/springframework/boot/web/servlet/server/ServletWebServerFactory;+79
j  org.springframework.boot.web.servlet.context.ServletWebServerApplicationContext.createWebServer()V+31
j  org.springframework.boot.web.servlet.context.ServletWebServerApplicationContext.onRefresh()V+5
j  org.springframework.context.support.AbstractApplicationContext.refresh()V+77
j  org.springframework.boot.web.servlet.context.ServletWebServerApplicationContext.refresh()V+1
j  org.springframework.boot.SpringApplication.refresh(Lorg/springframework/context/ConfigurableApplicationContext;)V+1
j  org.springframework.boot.SpringApplication.refreshContext(Lorg/springframework/context/ConfigurableApplicationContext;)V+16
j  org.springframework.boot.SpringApplication.run([Ljava/lang/String;)Lorg/springframework/context/ConfigurableApplicationContext;+107
j  org.springframework.boot.SpringApplication.run([Ljava/lang/Class;[Ljava/lang/String;)Lorg/springframework/context/ConfigurableApplicationContext;+9
j  org.springframework.boot.SpringApplication.run(Ljava/lang/Class;[Ljava/lang/String;)Lorg/springframework/context/ConfigurableApplicationContext;+9
j  com.alibaba.craftsman.Application.main([Ljava/lang/String;)V+17
v  ~StubRoutines::call_stub

---------------  P R O C E S S  ---------------

Java Threads: ( => current thread )
  0x0000023b29260800 JavaThread "JMX server connection timeout 32" daemon [_thread_blocked, id=16204, stack(0x000000f8e7400000,0x000000f8e7500000)]
  0x0000023b29191000 JavaThread "logback-1" daemon [_thread_blocked, id=1528, stack(0x000000f8e7500000,0x000000f8e7600000)]
  0x0000023b28910000 JavaThread "RMI Scheduler(0)" daemon [_thread_blocked, id=10692, stack(0x000000f8e7300000,0x000000f8e7400000)]
  0x0000023b28724000 JavaThread "RMI TCP Connection(1)-192.168.50.247" daemon [_thread_in_native, id=13228, stack(0x000000f8e7200000,0x000000f8e7300000)]
  0x0000023b282df800 JavaThread "RMI TCP Accept-0" daemon [_thread_in_native, id=19048, stack(0x000000f8e7000000,0x000000f8e7100000)]
  0x0000023b266aa000 JavaThread "Service Thread" daemon [_thread_blocked, id=16436, stack(0x000000f8e6f00000,0x000000f8e7000000)]
  0x0000023b26638800 JavaThread "C1 CompilerThread3" daemon [_thread_blocked, id=15380, stack(0x000000f8e6e00000,0x000000f8e6f00000)]
  0x0000023b26636000 JavaThread "C2 CompilerThread2" daemon [_thread_blocked, id=16252, stack(0x000000f8e6d00000,0x000000f8e6e00000)]
  0x0000023b26635000 JavaThread "C2 CompilerThread1" daemon [_thread_blocked, id=4368, stack(0x000000f8e6c00000,0x000000f8e6d00000)]
  0x0000023b2662e800 JavaThread "C2 CompilerThread0" daemon [_thread_blocked, id=11336, stack(0x000000f8e6b00000,0x000000f8e6c00000)]
  0x0000023b265aa000 JavaThread "JDWP Command Reader" daemon [_thread_in_native, id=14956, stack(0x000000f8e6a00000,0x000000f8e6b00000)]
  0x0000023b265a7800 JavaThread "JDWP Event Helper Thread" daemon [_thread_blocked, id=22792, stack(0x000000f8e6900000,0x000000f8e6a00000)]
  0x0000023b2659e800 JavaThread "JDWP Transport Listener: dt_socket" daemon [_thread_blocked, id=13824, stack(0x000000f8e6800000,0x000000f8e6900000)]
  0x0000023b26584800 JavaThread "Attach Listener" daemon [_thread_blocked, id=4392, stack(0x000000f8e6700000,0x000000f8e6800000)]
  0x0000023b2652b800 JavaThread "Signal Dispatcher" daemon [_thread_blocked, id=22156, stack(0x000000f8e6600000,0x000000f8e6700000)]
  0x0000023b2510c800 JavaThread "Finalizer" daemon [_thread_blocked, id=4332, stack(0x000000f8e6500000,0x000000f8e6600000)]
  0x0000023b264f6000 JavaThread "Reference Handler" daemon [_thread_blocked, id=20124, stack(0x000000f8e6400000,0x000000f8e6500000)]
=>0x0000023b10a31000 JavaThread "main" [_thread_in_vm, id=22200, stack(0x000000f8e5800000,0x000000f8e5900000)]

Other Threads:
  0x0000023b250fc000 VMThread [stack: 0x000000f8e6300000,0x000000f8e6400000] [id=14328]
  0x0000023b28333000 WatcherThread [stack: 0x000000f8e7100000,0x000000f8e7200000] [id=12840]

VM state:synchronizing (normal execution)

VM Mutex/Monitor currently owned by a thread:  ([mutex/lock_event])
[0x0000023b0e54d950] Threads_lock - owner thread: 0x0000023b250fc000

heap address: 0x0000000084000000, size: 1984 MB, Compressed Oops mode: 32-bit
Narrow klass base: 0x0000000000000000, Narrow klass shift: 3
Compressed class space size: 1073741824 Address: 0x0000000100000000

Heap:
 PSYoungGen      total 101888K, used 19213K [0x00000000d6b00000, 0x00000000dd800000, 0x0000000100000000)
  eden space 95232K, 20% used [0x00000000d6b00000,0x00000000d7dc34a0,0x00000000dc800000)
  from space 6656K, 0% used [0x00000000dd180000,0x00000000dd180000,0x00000000dd800000)
  to   space 8192K, 0% used [0x00000000dc800000,0x00000000dc800000,0x00000000dd000000)
 ParOldGen       total 44032K, used 11693K [0x0000000084000000, 0x0000000086b00000, 0x00000000d6b00000)
  object space 44032K, 26% used [0x0000000084000000,0x0000000084b6b748,0x0000000086b00000)
 Metaspace       used 30140K, capacity 31562K, committed 31872K, reserved 1079296K
  class space    used 4084K, capacity 4389K, committed 4480K, reserved 1048576K

Card table byte_map: [0x0000023b1fea0000,0x0000023b20290000] byte_map_base: 0x0000023b1fa80000

Marking Bits: (ParMarkBitMap*) 0x000000005a598030
 Begin Bits: [0x0000023b20530000, 0x0000023b22430000)
 End Bits:   [0x0000023b22430000, 0x0000023b24330000)

Polling page: 0x0000023b0e790000

CodeCache: size=245760Kb used=6406Kb max_used=6406Kb free=239353Kb
 bounds [0x0000023b10ae0000, 0x0000023b11130000, 0x0000023b1fae0000]
 total_blobs=3176 nmethods=2748 adapters=348
 compilation: enabled

Compilation events (10 events):
Event: 9.658 Thread 0x0000023b26638800 2736  s    1       java.io.ByteArrayInputStream::read (36 bytes)
Event: 9.658 Thread 0x0000023b26638800 nmethod 2736 0x0000023b1111e590 code [0x0000023b1111e6e0, 0x0000023b1111e9b8]
Event: 9.676 Thread 0x0000023b26638800 2737       1       java.util.Collections$UnmodifiableMap$UnmodifiableEntrySet$1::hasNext (10 bytes)
Event: 9.676 Thread 0x0000023b26638800 nmethod 2737 0x0000023b1111eb50 code [0x0000023b1111eca0, 0x0000023b1111edf0]
Event: 9.676 Thread 0x0000023b26638800 2738       1       java.util.Collections$UnmodifiableMap$UnmodifiableEntrySet$1::next (5 bytes)
Event: 9.676 Thread 0x0000023b26638800 nmethod 2738 0x0000023b1111ee90 code [0x0000023b1111f020, 0x0000023b1111f2e0]
Event: 9.686 Thread 0x0000023b26638800 2739       1       java.net.URLClassLoader::access$200 (5 bytes)
Event: 9.686 Thread 0x0000023b26638800 nmethod 2739 0x0000023b1111f510 code [0x0000023b1111f660, 0x0000023b1111f758]
Event: 9.696 Thread 0x0000023b26638800 2740       1       sun.util.locale.BaseLocale::getRegion (5 bytes)
Event: 9.696 Thread 0x0000023b26638800 nmethod 2740 0x0000023b1111f810 code [0x0000023b1111f960, 0x0000023b1111fa78]

GC Heap History (10 events):
Event: 6.263 GC heap before
{Heap before GC invocations=8 (full 1):
 PSYoungGen      total 71680K, used 2958K [0x00000000d6b00000, 0x00000000db900000, 0x0000000100000000)
  eden space 63488K, 0% used [0x00000000d6b00000,0x00000000d6b00000,0x00000000da900000)
  from space 8192K, 36% used [0x00000000da900000,0x00000000dabe3b78,0x00000000db100000)
  to   space 8192K, 0% used [0x00000000db100000,0x00000000db100000,0x00000000db900000)
 ParOldGen       total 84992K, used 6404K [0x0000000084000000, 0x0000000089300000, 0x00000000d6b00000)
  object space 84992K, 7% used [0x0000000084000000,0x0000000084641350,0x0000000089300000)
 Metaspace       used 20595K, capacity 21422K, committed 21628K, reserved 1069056K
  class space    used 2780K, capacity 2981K, committed 3072K, reserved 1048576K
Event: 6.293 GC heap after
Heap after GC invocations=8 (full 1):
 PSYoungGen      total 71680K, used 0K [0x00000000d6b00000, 0x00000000db900000, 0x0000000100000000)
  eden space 63488K, 0% used [0x00000000d6b00000,0x00000000d6b00000,0x00000000da900000)
  from space 8192K, 0% used [0x00000000da900000,0x00000000da900000,0x00000000db100000)
  to   space 8192K, 0% used [0x00000000db100000,0x00000000db100000,0x00000000db900000)
 ParOldGen       total 44032K, used 5916K [0x0000000084000000, 0x0000000086b00000, 0x00000000d6b00000)
  object space 44032K, 13% used [0x0000000084000000,0x00000000845c7220,0x0000000086b00000)
 Metaspace       used 20595K, capacity 21422K, committed 21628K, reserved 1069056K
  class space    used 2780K, capacity 2981K, committed 3072K, reserved 1048576K
}
Event: 7.128 GC heap before
{Heap before GC invocations=9 (full 1):
 PSYoungGen      total 71680K, used 63488K [0x00000000d6b00000, 0x00000000db900000, 0x0000000100000000)
  eden space 63488K, 100% used [0x00000000d6b00000,0x00000000da900000,0x00000000da900000)
  from space 8192K, 0% used [0x00000000da900000,0x00000000da900000,0x00000000db100000)
  to   space 8192K, 0% used [0x00000000db100000,0x00000000db100000,0x00000000db900000)
 ParOldGen       total 44032K, used 5916K [0x0000000084000000, 0x0000000086b00000, 0x00000000d6b00000)
  object space 44032K, 13% used [0x0000000084000000,0x00000000845c7220,0x0000000086b00000)
 Metaspace       used 24282K, capacity 25232K, committed 25344K, reserved 1071104K
  class space    used 3246K, capacity 3494K, committed 3584K, reserved 1048576K
Event: 7.130 GC heap after
Heap after GC invocations=9 (full 1):
 PSYoungGen      total 71680K, used 5662K [0x00000000d6b00000, 0x00000000db900000, 0x0000000100000000)
  eden space 63488K, 0% used [0x00000000d6b00000,0x00000000d6b00000,0x00000000da900000)
  from space 8192K, 69% used [0x00000000db100000,0x00000000db687b00,0x00000000db900000)
  to   space 8192K, 0% used [0x00000000da900000,0x00000000da900000,0x00000000db100000)
 ParOldGen       total 44032K, used 5924K [0x0000000084000000, 0x0000000086b00000, 0x00000000d6b00000)
  object space 44032K, 13% used [0x0000000084000000,0x00000000845c9220,0x0000000086b00000)
 Metaspace       used 24282K, capacity 25232K, committed 25344K, reserved 1071104K
  class space    used 3246K, capacity 3494K, committed 3584K, reserved 1048576K
}
Event: 7.547 GC heap before
{Heap before GC invocations=10 (full 1):
 PSYoungGen      total 71680K, used 69150K [0x00000000d6b00000, 0x00000000db900000, 0x0000000100000000)
  eden space 63488K, 100% used [0x00000000d6b00000,0x00000000da900000,0x00000000da900000)
  from space 8192K, 69% used [0x00000000db100000,0x00000000db687b00,0x00000000db900000)
  to   space 8192K, 0% used [0x00000000da900000,0x00000000da900000,0x00000000db100000)
 ParOldGen       total 44032K, used 5924K [0x0000000084000000, 0x0000000086b00000, 0x00000000d6b00000)
  object space 44032K, 13% used [0x0000000084000000,0x00000000845c9220,0x0000000086b00000)
 Metaspace       used 26122K, capacity 27298K, committed 27392K, reserved 1073152K
  class space    used 3535K, capacity 3801K, committed 3840K, reserved 1048576K
Event: 7.550 GC heap after
Heap after GC invocations=10 (full 1):
 PSYoungGen      total 71680K, used 5851K [0x00000000d6b00000, 0x00000000dd980000, 0x0000000100000000)
  eden space 63488K, 0% used [0x00000000d6b00000,0x00000000d6b00000,0x00000000da900000)
  from space 8192K, 71% used [0x00000000da900000,0x00000000daeb6f00,0x00000000db100000)
  to   space 8192K, 0% used [0x00000000dd180000,0x00000000dd180000,0x00000000dd980000)
 ParOldGen       total 44032K, used 5932K [0x0000000084000000, 0x0000000086b00000, 0x00000000d6b00000)
  object space 44032K, 13% used [0x0000000084000000,0x00000000845cb220,0x0000000086b00000)
 Metaspace       used 26122K, capacity 27298K, committed 27392K, reserved 1073152K
  class space    used 3535K, capacity 3801K, committed 3840K, reserved 1048576K
}
Event: 9.290 GC heap before
{Heap before GC invocations=11 (full 1):
 PSYoungGen      total 71680K, used 57927K [0x00000000d6b00000, 0x00000000dd980000, 0x0000000100000000)
  eden space 63488K, 82% used [0x00000000d6b00000,0x00000000d9ddae20,0x00000000da900000)
  from space 8192K, 71% used [0x00000000da900000,0x00000000daeb6f00,0x00000000db100000)
  to   space 8192K, 0% used [0x00000000dd180000,0x00000000dd180000,0x00000000dd980000)
 ParOldGen       total 44032K, used 5932K [0x0000000084000000, 0x0000000086b00000, 0x00000000d6b00000)
  object space 44032K, 13% used [0x0000000084000000,0x00000000845cb220,0x0000000086b00000)
 Metaspace       used 28848K, capacity 30200K, committed 30336K, reserved 1079296K
  class space    used 3922K, capacity 4194K, committed 4224K, reserved 1048576K
Event: 9.294 GC heap after
Heap after GC invocations=11 (full 1):
 PSYoungGen      total 101888K, used 5560K [0x00000000d6b00000, 0x00000000dd800000, 0x0000000100000000)
  eden space 95232K, 0% used [0x00000000d6b00000,0x00000000d6b00000,0x00000000dc800000)
  from space 6656K, 83% used [0x00000000dd180000,0x00000000dd6ee350,0x00000000dd800000)
  to   space 8192K, 0% used [0x00000000dc800000,0x00000000dc800000,0x00000000dd000000)
 ParOldGen       total 44032K, used 7467K [0x0000000084000000, 0x0000000086b00000, 0x00000000d6b00000)
  object space 44032K, 16% used [0x0000000084000000,0x000000008474ae50,0x0000000086b00000)
 Metaspace       used 28848K, capacity 30200K, committed 30336K, reserved 1079296K
  class space    used 3922K, capacity 4194K, committed 4224K, reserved 1048576K
}
Event: 9.294 GC heap before
{Heap before GC invocations=12 (full 2):
 PSYoungGen      total 101888K, used 5560K [0x00000000d6b00000, 0x00000000dd800000, 0x0000000100000000)
  eden space 95232K, 0% used [0x00000000d6b00000,0x00000000d6b00000,0x00000000dc800000)
  from space 6656K, 83% used [0x00000000dd180000,0x00000000dd6ee350,0x00000000dd800000)
  to   space 8192K, 0% used [0x00000000dc800000,0x00000000dc800000,0x00000000dd000000)
 ParOldGen       total 44032K, used 7467K [0x0000000084000000, 0x0000000086b00000, 0x00000000d6b00000)
  object space 44032K, 16% used [0x0000000084000000,0x000000008474ae50,0x0000000086b00000)
 Metaspace       used 28848K, capacity 30200K, committed 30336K, reserved 1079296K
  class space    used 3922K, capacity 4194K, committed 4224K, reserved 1048576K
Event: 9.333 GC heap after
Heap after GC invocations=12 (full 2):
 PSYoungGen      total 101888K, used 0K [0x00000000d6b00000, 0x00000000dd800000, 0x0000000100000000)
  eden space 95232K, 0% used [0x00000000d6b00000,0x00000000d6b00000,0x00000000dc800000)
  from space 6656K, 0% used [0x00000000dd180000,0x00000000dd180000,0x00000000dd800000)
  to   space 8192K, 0% used [0x00000000dc800000,0x00000000dc800000,0x00000000dd000000)
 ParOldGen       total 44032K, used 11693K [0x0000000084000000, 0x0000000086b00000, 0x00000000d6b00000)
  object space 44032K, 26% used [0x0000000084000000,0x0000000084b6b748,0x0000000086b00000)
 Metaspace       used 28848K, capacity 30200K, committed 30336K, reserved 1079296K
  class space    used 3922K, capacity 4194K, committed 4224K, reserved 1048576K
}

Deoptimization events (0 events):
No events

Classes redefined (1 events):
Event: 2.168 Thread 0x0000023b250fc000 redefined class name=java.lang.Throwable, count=1

Internal exceptions (10 events):
Event: 8.039 Thread 0x0000023b10a31000 Exception <a 'java/lang/ClassNotFoundException': org/springframework/transaction/annotation/ProxyTransactionManagementConfigurationCustomizer> (0x00000000d972e868) thrown at [C:\jenkins\workspace\8-2-build-windows-amd64-cygwin\jdk8u311\1894\hotspot\src\sh
Event: 8.039 Thread 0x0000023b10a31000 Exception <a 'java/lang/ClassNotFoundException': org/springframework/context/annotation/ImportAwareCustomizer> (0x00000000d9753d78) thrown at [C:\jenkins\workspace\8-2-build-windows-amd64-cygwin\jdk8u311\1894\hotspot\src\share\vm\classfile\systemDictionar
Event: 8.040 Thread 0x0000023b10a31000 Exception <a 'java/lang/ClassNotFoundException': org/springframework/beans/factory/AwareCustomizer> (0x00000000d9772a78) thrown at [C:\jenkins\workspace\8-2-build-windows-amd64-cygwin\jdk8u311\1894\hotspot\src\share\vm\classfile\systemDictionary.cpp, line
Event: 8.496 Thread 0x0000023b28724000 Exception <a 'java/lang/reflect/InvocationTargetException'> (0x00000000d9aa8668) thrown at [C:\jenkins\workspace\8-2-build-windows-amd64-cygwin\jdk8u311\1894\hotspot\src\share\vm\runtime\reflection.cpp, line 1092]
Event: 9.000 Thread 0x0000023b28724000 Exception <a 'java/lang/reflect/InvocationTargetException'> (0x00000000d9b1f770) thrown at [C:\jenkins\workspace\8-2-build-windows-amd64-cygwin\jdk8u311\1894\hotspot\src\share\vm\runtime\reflection.cpp, line 1092]
Event: 9.364 Thread 0x0000023b10a31000 Exception <a 'java/lang/ArrayIndexOutOfBoundsException': 3> (0x00000000d6b8ae60) thrown at [C:\jenkins\workspace\8-2-build-windows-amd64-cygwin\jdk8u311\1894\hotspot\src\share\vm\interpreter\interpreterRuntime.cpp, line 371]
Event: 9.364 Thread 0x0000023b10a31000 Exception <a 'java/lang/ArrayIndexOutOfBoundsException': 3> (0x00000000d6b8b538) thrown at [C:\jenkins\workspace\8-2-build-windows-amd64-cygwin\jdk8u311\1894\hotspot\src\share\vm\interpreter\interpreterRuntime.cpp, line 371]
Event: 9.460 Thread 0x0000023b10a31000 Exception <a 'java/lang/ArrayIndexOutOfBoundsException': 16> (0x00000000d6ecb710) thrown at [C:\jenkins\workspace\8-2-build-windows-amd64-cygwin\jdk8u311\1894\hotspot\src\share\vm\interpreter\interpreterRuntime.cpp, line 371]
Event: 9.460 Thread 0x0000023b10a31000 Exception <a 'java/lang/ArrayIndexOutOfBoundsException': 16> (0x00000000d6ecbd38) thrown at [C:\jenkins\workspace\8-2-build-windows-amd64-cygwin\jdk8u311\1894\hotspot\src\share\vm\interpreter\interpreterRuntime.cpp, line 371]
Event: 9.507 Thread 0x0000023b28724000 Exception <a 'java/lang/reflect/InvocationTargetException'> (0x00000000d70d2d50) thrown at [C:\jenkins\workspace\8-2-build-windows-amd64-cygwin\jdk8u311\1894\hotspot\src\share\vm\runtime\reflection.cpp, line 1092]

Events (10 events):
Event: 9.739 Thread 0x0000023b10a31000 DEOPT PACKING pc=0x0000023b10cd8c04 sp=0x000000f8e58fdb70
Event: 9.739 Thread 0x0000023b10a31000 DEOPT UNPACKING pc=0x0000023b10b27918 sp=0x000000f8e58fd990 mode 1
Event: 9.740 loading class org/apache/catalina/core/StandardContext
Event: 9.740 loading class org/apache/catalina/core/StandardContext done
Event: 9.740 Thread 0x0000023b10a31000 DEOPT PACKING pc=0x0000023b10d2b0c9 sp=0x000000f8e58fb320
Event: 9.740 Thread 0x0000023b10a31000 DEOPT UNPACKING pc=0x0000023b10b27918 sp=0x000000f8e58fb070 mode 1
Event: 9.740 Thread 0x0000023b10a31000 DEOPT PACKING pc=0x0000023b10cd8cc4 sp=0x000000f8e58fb3a0
Event: 9.740 Thread 0x0000023b10a31000 DEOPT UNPACKING pc=0x0000023b10b27918 sp=0x000000f8e58fb1c0 mode 1
Event: 9.740 Thread 0x0000023b10a31000 DEOPT PACKING pc=0x0000023b10cd8c04 sp=0x000000f8e58fb530
Event: 9.740 Thread 0x0000023b10a31000 DEOPT UNPACKING pc=0x0000023b10b27918 sp=0x000000f8e58fb350 mode 1


Dynamic libraries:
0x00007ff7bf830000 - 0x00007ff7bf877000 	E:\Java\jdk1.8.0_311\bin\java.exe
0x00007ff833f10000 - 0x00007ff834108000 	C:\WINDOWS\SYSTEM32\ntdll.dll
0x00007ff832280000 - 0x00007ff83233d000 	C:\WINDOWS\System32\KERNEL32.DLL
0x00007ff8318b0000 - 0x00007ff831ba6000 	C:\WINDOWS\System32\KERNELBASE.dll
0x00007ff833a40000 - 0x00007ff833af0000 	C:\WINDOWS\System32\ADVAPI32.dll
0x00007ff833050000 - 0x00007ff8330ee000 	C:\WINDOWS\System32\msvcrt.dll
0x00007ff832e20000 - 0x00007ff832ec0000 	C:\WINDOWS\System32\sechost.dll
0x00007ff832ec0000 - 0x00007ff832fe5000 	C:\WINDOWS\System32\RPCRT4.dll
0x00007ff8316e0000 - 0x00007ff831707000 	C:\WINDOWS\System32\bcrypt.dll
0x00007ff8330f0000 - 0x00007ff83328e000 	C:\WINDOWS\System32\USER32.dll
0x00007ff831590000 - 0x00007ff8315b2000 	C:\WINDOWS\System32\win32u.dll
0x00007ff833d90000 - 0x00007ff833dbb000 	C:\WINDOWS\System32\GDI32.dll
0x00007ff8315c0000 - 0x00007ff8316d7000 	C:\WINDOWS\System32\gdi32full.dll
0x00007ff831810000 - 0x00007ff8318ad000 	C:\WINDOWS\System32\msvcp_win.dll
0x00007ff831e10000 - 0x00007ff831f10000 	C:\WINDOWS\System32\ucrtbase.dll
0x00007ff824460000 - 0x00007ff8246fa000 	C:\WINDOWS\WinSxS\amd64_microsoft.windows.common-controls_6595b64144ccf1df_6.0.19041.3636_none_60b6a03d71f818d5\COMCTL32.dll
0x00007ff833290000 - 0x00007ff8332c2000 	C:\WINDOWS\System32\IMM32.DLL
0x00007ff81ff00000 - 0x00007ff81ff15000 	E:\Java\jdk1.8.0_311\jre\bin\vcruntime140.dll
0x00007ff807470000 - 0x00007ff80750b000 	E:\Java\jdk1.8.0_311\jre\bin\msvcp140.dll
0x0000000059db0000 - 0x000000005a610000 	E:\Java\jdk1.8.0_311\jre\bin\server\jvm.dll
0x00007ff832ce0000 - 0x00007ff832ce8000 	C:\WINDOWS\System32\PSAPI.DLL
0x00007ff82a3d0000 - 0x00007ff82a3da000 	C:\WINDOWS\SYSTEM32\VERSION.dll
0x00007ff824820000 - 0x00007ff824847000 	C:\WINDOWS\SYSTEM32\WINMM.dll
0x00007ff824940000 - 0x00007ff824949000 	C:\WINDOWS\SYSTEM32\WSOCK32.dll
0x00007ff833b50000 - 0x00007ff833bbb000 	C:\WINDOWS\System32\ws2_32.DLL
0x00007ff82fe20000 - 0x00007ff82fe32000 	C:\WINDOWS\SYSTEM32\kernel.appcore.dll
0x00007ff821290000 - 0x00007ff8212a0000 	E:\Java\jdk1.8.0_311\jre\bin\verify.dll
0x00007ff81fed0000 - 0x00007ff81fefb000 	E:\Java\jdk1.8.0_311\jre\bin\java.dll
0x00007ff8119c0000 - 0x00007ff8119f6000 	E:\Java\jdk1.8.0_311\jre\bin\jdwp.dll
0x00007ff8209e0000 - 0x00007ff8209e9000 	E:\Java\jdk1.8.0_311\jre\bin\npt.dll
0x00007ffff71c0000 - 0x00007ffff73ce000 	C:\Users\Administrator\AppData\Local\Temp\idea_libasyncProfiler_dll_temp_folder4\libasyncProfiler.dll
0x00007ff811990000 - 0x00007ff8119c0000 	E:\Java\jdk1.8.0_311\jre\bin\instrument.dll
0x00007ff815910000 - 0x00007ff815928000 	E:\Java\jdk1.8.0_311\jre\bin\zip.dll
0x00007ff8332d0000 - 0x00007ff833a3b000 	C:\WINDOWS\System32\SHELL32.dll
0x00007ff82f390000 - 0x00007ff82fb2e000 	C:\WINDOWS\SYSTEM32\windows.storage.dll
0x00007ff831f10000 - 0x00007ff832263000 	C:\WINDOWS\System32\combase.dll
0x00007ff830ef0000 - 0x00007ff830f1e000 	C:\WINDOWS\SYSTEM32\Wldp.dll
0x00007ff833bd0000 - 0x00007ff833c9d000 	C:\WINDOWS\System32\OLEAUT32.dll
0x00007ff8327d0000 - 0x00007ff83287d000 	C:\WINDOWS\System32\SHCORE.dll
0x00007ff833e40000 - 0x00007ff833e95000 	C:\WINDOWS\System32\shlwapi.dll
0x00007ff8314c0000 - 0x00007ff8314e5000 	C:\WINDOWS\SYSTEM32\profapi.dll
0x00007ff820190000 - 0x00007ff82019a000 	E:\Java\jdk1.8.0_311\jre\bin\dt_socket.dll
0x00007ff830c50000 - 0x00007ff830cba000 	C:\WINDOWS\system32\mswsock.dll
0x00007ff8152c0000 - 0x00007ff8152dc000 	E:\Java\jdk1.8.0_311\jre\bin\net.dll
0x00007ff830980000 - 0x00007ff830a4b000 	C:\WINDOWS\SYSTEM32\DNSAPI.dll
0x00007ff830940000 - 0x00007ff83097b000 	C:\WINDOWS\SYSTEM32\IPHLPAPI.DLL
0x00007ff833bc0000 - 0x00007ff833bc8000 	C:\WINDOWS\System32\NSI.dll
0x00007ff829f40000 - 0x00007ff829f4a000 	C:\Windows\System32\rasadhlp.dll
0x00007ff828d50000 - 0x00007ff828dd0000 	C:\WINDOWS\System32\fwpuclnt.dll
0x00007ff81fec0000 - 0x00007ff81fecd000 	E:\Java\jdk1.8.0_311\jre\bin\management.dll
0x00007ff814400000 - 0x00007ff814413000 	E:\Java\jdk1.8.0_311\jre\bin\nio.dll
0x00007ff830e50000 - 0x00007ff830e68000 	C:\WINDOWS\SYSTEM32\CRYPTSP.dll
0x00007ff830580000 - 0x00007ff8305b4000 	C:\WINDOWS\system32\rsaenh.dll
0x00007ff831440000 - 0x00007ff83146e000 	C:\WINDOWS\SYSTEM32\USERENV.dll
0x00007ff831d80000 - 0x00007ff831e02000 	C:\WINDOWS\System32\bcryptprimitives.dll
0x00007ff830e40000 - 0x00007ff830e4c000 	C:\WINDOWS\SYSTEM32\CRYPTBASE.dll
0x00007ff82af50000 - 0x00007ff82af67000 	C:\WINDOWS\SYSTEM32\dhcpcsvc6.DLL
0x00007ff82acc0000 - 0x00007ff82acdd000 	C:\WINDOWS\SYSTEM32\dhcpcsvc.DLL
0x00007ff80ca90000 - 0x00007ff80caa7000 	C:\WINDOWS\system32\napinsp.dll
0x00007ff80ca70000 - 0x00007ff80ca8b000 	C:\WINDOWS\system32\pnrpnsp.dll
0x00007ff82b670000 - 0x00007ff82b685000 	C:\WINDOWS\system32\wshbth.dll
0x00007ff82d300000 - 0x00007ff82d31d000 	C:\WINDOWS\system32\NLAapi.dll
0x00007ff80ca50000 - 0x00007ff80ca62000 	C:\WINDOWS\System32\winrnr.dll

VM Arguments:
jvm_args: -agentlib:jdwp=transport=dt_socket,address=127.0.0.1:52296,suspend=y,server=n -agentpath:C:\Users\Administrator\AppData\Local\Temp\idea_libasyncProfiler_dll_temp_folder4\libasyncProfiler.dll=version,jfr,event=wall,interval=10ms,cstack=no,file=C:\Users\Administrator\IdeaSnapshots\Application_2025_08_07_085855.jfr,dbghelppath=C:\Users\Administrator\AppData\Local\Temp\idea_dbghelp_dll_temp_folder7\dbghelp.dll,log=C:\Users\Administrator\AppData\Local\Temp\Application_2025_08_07_085855.jfr.log.txt,logLevel=DEBUG -XX:TieredStopAtLevel=1 -Xverify:none -Dspring.output.ansi.enabled=always -Dcom.sun.management.jmxremote -Dspring.jmx.enabled=true -Dspring.liveBeansView.mbeanDomain -Dspring.application.admin.enabled=true -Dmanagement.endpoints.jmx.exposure.include=* -javaagent:C:\Users\Administrator\AppData\Local\JetBrains\IntelliJIdea2024.3\captureAgent\debugger-agent.jar -Dkotlinx.coroutines.debug.enable.creation.stack.trace=false -Ddebugger.agent.enable.coroutines=true -Dkotlinx.coroutines.debug.enable.flows.stack.trace=true -Dkotlinx.coroutines.debug.enable.mutable.state.flows.stack.trace=true -Dfile.encoding=UTF-8 
java_command: com.alibaba.craftsman.Application
java_class_path (initial): E:\Java\jdk1.8.0_311\jre\lib\charsets.jar;E:\Java\jdk1.8.0_311\jre\lib\deploy.jar;E:\Java\jdk1.8.0_311\jre\lib\ext\access-bridge-64.jar;E:\Java\jdk1.8.0_311\jre\lib\ext\cldrdata.jar;E:\Java\jdk1.8.0_311\jre\lib\ext\dnsns.jar;E:\Java\jdk1.8.0_311\jre\lib\ext\jaccess.jar;E:\Java\jdk1.8.0_311\jre\lib\ext\jfxrt.jar;E:\Java\jdk1.8.0_311\jre\lib\ext\localedata.jar;E:\Java\jdk1.8.0_311\jre\lib\ext\nashorn.jar;E:\Java\jdk1.8.0_311\jre\lib\ext\sunec.jar;E:\Java\jdk1.8.0_311\jre\lib\ext\sunjce_provider.jar;E:\Java\jdk1.8.0_311\jre\lib\ext\sunmscapi.jar;E:\Java\jdk1.8.0_311\jre\lib\ext\sunpkcs11.jar;E:\Java\jdk1.8.0_311\jre\lib\ext\zipfs.jar;E:\Java\jdk1.8.0_311\jre\lib\javaws.jar;E:\Java\jdk1.8.0_311\jre\lib\jce.jar;E:\Java\jdk1.8.0_311\jre\lib\jfr.jar;E:\Java\jdk1.8.0_311\jre\lib\jfxswt.jar;E:\Java\jdk1.8.0_311\jre\lib\jsse.jar;E:\Java\jdk1.8.0_311\jre\lib\management-agent.jar;E:\Java\jdk1.8.0_311\jre\lib\plugin.jar;E:\Java\jdk1.8.0_311\jre\lib\resources.jar;E:\Java\jdk1.8.0_311\jre\lib\rt.jar;E:\workspace\COLA\cola-samples\craftsman\start\target\classes;E:\workspace\COLA\cola-samples\craftsman\craftsman-adapter\target\classes;E:\workspace\COLA\cola-samples\craftsman\craftsman-app\target\classes;E:\workspace\COLA\cola-samples\craftsman\craftsman-client\target\classes;E:\workspace\COLA\cola-components\cola-component-dto\target\classes;C:\Users\Administrator\.m2\repository\javax\validation\validation-api\2.0.1.Final\validation-api-2.0.1.Final.jar;E:\workspace\COLA\cola-samples\craftsman\craftsman-infrastructure\target\classes;E:\workspace\COLA\cola-samples\craftsman\craftsman-domain\target\classes;E:\workspace\COLA\cola-components\cola-component-domain-starter\target\classes;C:\Users\Administrator\.m2\repository\com\mysql\mysql-connector-j\8.0.31\mysql-connector-j-8.0.31.jar;C:\Users\Administrator\.m2\repository\com\alibaba\fastjson\1.2.83\fastjson-1.2.83.jar;E:\workspace\COLA\cola-components\cola-component-catchlog-starter\target\classes;C:\Users\
Launcher Type: SUN_STANDARD

Environment Variables:
JAVA_HOME=E:\Program Files\Java\jdk-21
CLASSPATH=.;E:\Program Files\Java\jdk-21\lib\tools.jar;E:\Program Files\Java\jdk-21\lib\dt.jar;E:\soft\apache-jmeter-5.6.3\bin
PATH=C:\Program Files\Common Files\Oracle\Java\javapath;C:\WINDOWS\system32;C:\WINDOWS;C:\WINDOWS\System32\Wbem;C:\WINDOWS\System32\WindowsPowerShell\v1.0\;C:\WINDOWS\System32\OpenSSH\;C:\Program Files\Git\cmd;E:\soft\apache-jmeter-5.6.3\bin;E:\Python\Scripts\;E:\Python\;C:\Users\Administrator\AppData\Local\Microsoft\WindowsApps;E:\Program Files\JetBrains\IntelliJ IDEA 2021.2.3\bin;E:\Program Files\Java\jdk-21\bin;E:\Users\Administrator\AppData\Local\Programs\Fiddler;E:\Program Files\JetBrains\PyCharm 2024.3.3\bin;;C:\Program Files (x86)\Google\Chrome\Application;C:\Users\Administrator\AppData\Local\Microsoft\WindowsApps;E:\soft\allure-2.19.0\bin;;E:\Program Files\JetBrains\IntelliJ IDEA 2024.3.3\bin;;E:\Program Files\JetBrains\WebStorm 2024.3.3\bin;
USERNAME=Administrator
OS=Windows_NT
PROCESSOR_IDENTIFIER=Intel64 Family 6 Model 165 Stepping 3, GenuineIntel



---------------  S Y S T E M  ---------------

OS: Windows 10.0 , 64 bit Build 19041 (10.0.19041.3636)

CPU:total 12 (initial active 12) (6 cores per cpu, 2 threads per core) family 6 model 165 stepping 3, cmov, cx8, fxsr, mmx, sse, sse2, sse3, ssse3, sse4.1, sse4.2, popcnt, avx, avx2, aes, clmul, erms, 3dnowpref, lzcnt, ht, tsc, tscinvbit, bmi1, bmi2, adx

Memory: 4k page, physical 8120352k(252388k free), swap 23642128k(576k free)

vm_info: Java HotSpot(TM) 64-Bit Server VM (25.311-b11) for windows-amd64 JRE (1.8.0_311-b11), built on Sep 27 2021 05:15:14 by "java_re" with MS VC++ 15.9 (VS2017)

time: Thu Aug  7 08:59:06 2025
timezone: 中国标准时间
elapsed time: 10.054688 seconds (0d 0h 0m 10s)

